// Jest Snapshot v1, https://goo.gl/fbAQLP

exports[`TrackListItem component renders UI as expected 1`] = `
<div
  className="item"
>
  <li
    className="li"
    onClick={[Function]}
  >
    <h2>
      Bar Hill
    </h2>
    <img
      alt="track, asana"
      src=""
    />
  </li>
</div>
`;
