// Jest Snapshot v1, https://goo.gl/fbAQLP

exports[`LoginForm component renders UI as expected 1`] = `
<div
  className="login"
>
  <div
    className="error"
  />
  <form
    onSubmit={[Function]}
  >
    <div
      className="section"
    >
      <input
        className="inp"
        id="userName"
        onClick={[Function]}
        placeholder="username"
        required={true}
        type="text"
      />
    </div>
    <div
      className="section"
    >
      <input
        className="inp"
        id="password"
        onClick={[Function]}
        placeholder="password"
        required={true}
        type="password"
      />
    </div>
    <button
      className="login-button"
      onClick={[Function]}
      type="reset"
    >
      Reset
    </button>
    <button
      className="login-button"
      type="submit"
    >
      Login
    </button>
  </form>
</div>
`;
